feta una copia copia  el  dv. 07/08/2026 a les  20:42:03,28 
feta una copia copia  el  dv. 07/08/2026 a les  20:42:10,28 
feta una copia copia  el  dv. 07/08/2026 a les  20:44:16,78 
feta una copia copia  el  dv. 07/08/2026 a les  20:49:23,16 
feta una copia copia  el  ds. 08/08/2026 a les  19:59:55,78 
feta una copia copia  el  dg. 09/08/2026 a les  17:52:59,17 
feta una copia copia  el  dg. 09/08/2026 a les  17:57:25,62 
feta una copia copia  el  dg. 09/08/2026 a les  18:02:18,79 
feta una copia copia  el  dg. 09/08/2026 a les  18:07:18,83 
Llançat autopush.bat, però no feta cap còpia  el  dg. 09/08/2026 a les  18:07:22,71 
feta una copia el  dg. 09/08/2026 a les  18:12:19,24 
Llançat autopush.bat, però no feta cap còpia  el  dg. 09/08/2026 a les  18:12:27,45 
feta una copia el dg. 09/08/2026 a les 18:17:18,85 
Llançat autopush.bat, però no feta cap còpia el dg. 09/08/2026 a les 18:17:22,59 
feta una copia el dg. 09/08/2026 a les 18:22:18,58 
Llançat autopush.bat, però no feta cap còpia el dg. 09/08/2026 a les 18:22:22,76 
feta una copia el dg. 09/08/2026 a les 18:27:18,81 
Llançat autopush.bat, però no feta cap còpia el dg. 09/08/2026 a les 18:27:22,54 
feta una copia el dg. 09/08/2026 a les 18:32:18,82 
Llançat autopush.bat, però no feta cap còpia el dg. 09/08/2026 a les 18:32:23,04 
feta una copia el dg. 09/08/2026 a les 18:37:18,85 
Llançat autopush.bat, però no feta cap còpia el dg. 09/08/2026 a les 18:37:22,85 
feta una copia el dg. 09/08/2026 a les 18:42:18,82 
Llançat autopush.bat, però no feta cap còpia el dg. 09/08/2026 a les 18:42:22,76 
feta una copia el dg. 09/08/2026 a les 18:47:18,80 
Llançat autopush.bat, però no feta cap còpia el dg. 09/08/2026 a les 18:47:22,81 
Llançat autopush.bat, però no feta cap còpia el dg. 09/08/2026 a les 18:52:18,84 
Llançat autopush.bat, però no feta cap còpia el dg. 09/08/2026 a les 18:57:25,98 
Llançat autopush.bat, però no feta cap còpia el dg. 09/08/2026 a les 19:02:23,40 
Llançat autopush.bat, però no feta cap còpia el dg. 09/08/2026 a les 19:07:18,90 
Llançat autopush.bat, però no feta cap còpia el dg. 09/08/2026 a les 19:12:18,88 
Llançat autopush.bat, però no feta cap còpia el dg. 09/08/2026 a les 19:17:18,89 
Llançat autopush.bat, però no feta cap còpia el dg. 09/08/2026 a les 19:22:25,89 
Llançat autopush.bat, però no feta cap còpia el dg. 09/08/2026 a les 19:27:18,88 
Llançat autopush.bat, però no feta cap còpia el dg. 09/08/2026 a les 19:32:18,87 
Llançat autopush.bat, però no feta cap còpia el dg. 09/08/2026 a les 19:37:18,88 
Llançat autopush.bat, però no feta cap còpia el dg. 09/08/2026 a les 19:42:18,85 
Llançat autopush.bat, però no feta cap còpia el dg. 09/08/2026 a les 19:47:18,82 
Llançat autopush.bat, però no feta cap còpia el dg. 09/08/2026 a les 19:52:18,85 
"COPIA CORRECTA amb data : "  dg. 09/08/2026 " a les " 20:21:11,89 
